   1               		.file	"motor_driver.c"
   2               	__SP_H__ = 0x3e
   3               	__SP_L__ = 0x3d
   4               	__SREG__ = 0x3f
   5               	__tmp_reg__ = 0
   6               	__zero_reg__ = 1
   7               		.stabs	"/home/manu/github/arduino/LIDARBOT/",100,0,2,.Ltext0
   8               		.stabs	"source/drivers/motor_driver.c",100,0,2,.Ltext0
   9               		.text
  10               	.Ltext0:
  11               		.stabs	"gcc2_compiled.",60,0,0,0
  12               		.stabs	"int:t(0,1)=r(0,1);-32768;32767;",128,0,0,0
  13               		.stabs	"char:t(0,2)=r(0,2);0;127;",128,0,0,0
  14               		.stabs	"long int:t(0,3)=@s32;r(0,3);020000000000;017777777777;",128,0,0,0
  15               		.stabs	"unsigned int:t(0,4)=r(0,4);0;0177777;",128,0,0,0
  16               		.stabs	"long unsigned int:t(0,5)=@s32;r(0,5);0;037777777777;",128,0,0,0
  17               		.stabs	"__int128:t(0,6)=@s128;r(0,6);02000000000000000000000000000000000000000000;0177777777777777
  18               		.stabs	"__int128 unsigned:t(0,7)=@s128;r(0,7);0;03777777777777777777777777777777777777777777;",128
  19               		.stabs	"long long int:t(0,8)=@s64;r(0,8);01000000000000000000000;00777777777777777777777;",128,0,0
  20               		.stabs	"long long unsigned int:t(0,9)=@s64;r(0,9);0;01777777777777777777777;",128,0,0,0
  21               		.stabs	"short int:t(0,10)=r(0,10);-32768;32767;",128,0,0,0
  22               		.stabs	"short unsigned int:t(0,11)=r(0,11);0;0177777;",128,0,0,0
  23               		.stabs	"signed char:t(0,12)=@s8;r(0,12);-128;127;",128,0,0,0
  24               		.stabs	"unsigned char:t(0,13)=@s8;r(0,13);0;255;",128,0,0,0
  25               		.stabs	"float:t(0,14)=r(0,1);4;0;",128,0,0,0
  26               		.stabs	"double:t(0,15)=r(0,1);4;0;",128,0,0,0
  27               		.stabs	"long double:t(0,16)=r(0,1);4;0;",128,0,0,0
  28               		.stabs	"short _Fract:t(0,17)=r(0,1);1;0;",128,0,0,0
  29               		.stabs	"_Fract:t(0,18)=r(0,1);2;0;",128,0,0,0
  30               		.stabs	"long _Fract:t(0,19)=r(0,1);4;0;",128,0,0,0
  31               		.stabs	"long long _Fract:t(0,20)=r(0,1);8;0;",128,0,0,0
  32               		.stabs	"unsigned short _Fract:t(0,21)=r(0,1);1;0;",128,0,0,0
  33               		.stabs	"unsigned _Fract:t(0,22)=r(0,1);2;0;",128,0,0,0
  34               		.stabs	"unsigned long _Fract:t(0,23)=r(0,1);4;0;",128,0,0,0
  35               		.stabs	"unsigned long long _Fract:t(0,24)=r(0,1);8;0;",128,0,0,0
  36               		.stabs	"_Sat short _Fract:t(0,25)=r(0,1);1;0;",128,0,0,0
  37               		.stabs	"_Sat _Fract:t(0,26)=r(0,1);2;0;",128,0,0,0
  38               		.stabs	"_Sat long _Fract:t(0,27)=r(0,1);4;0;",128,0,0,0
  39               		.stabs	"_Sat long long _Fract:t(0,28)=r(0,1);8;0;",128,0,0,0
  40               		.stabs	"_Sat unsigned short _Fract:t(0,29)=r(0,1);1;0;",128,0,0,0
  41               		.stabs	"_Sat unsigned _Fract:t(0,30)=r(0,1);2;0;",128,0,0,0
  42               		.stabs	"_Sat unsigned long _Fract:t(0,31)=r(0,1);4;0;",128,0,0,0
  43               		.stabs	"_Sat unsigned long long _Fract:t(0,32)=r(0,1);8;0;",128,0,0,0
  44               		.stabs	"short _Accum:t(0,33)=r(0,1);2;0;",128,0,0,0
  45               		.stabs	"_Accum:t(0,34)=r(0,1);4;0;",128,0,0,0
  46               		.stabs	"long _Accum:t(0,35)=r(0,1);8;0;",128,0,0,0
  47               		.stabs	"long long _Accum:t(0,36)=r(0,1);8;0;",128,0,0,0
  48               		.stabs	"unsigned short _Accum:t(0,37)=r(0,1);2;0;",128,0,0,0
  49               		.stabs	"unsigned _Accum:t(0,38)=r(0,1);4;0;",128,0,0,0
  50               		.stabs	"unsigned long _Accum:t(0,39)=r(0,1);8;0;",128,0,0,0
  51               		.stabs	"unsigned long long _Accum:t(0,40)=r(0,1);8;0;",128,0,0,0
  52               		.stabs	"_Sat short _Accum:t(0,41)=r(0,1);2;0;",128,0,0,0
  53               		.stabs	"_Sat _Accum:t(0,42)=r(0,1);4;0;",128,0,0,0
  54               		.stabs	"_Sat long _Accum:t(0,43)=r(0,1);8;0;",128,0,0,0
  55               		.stabs	"_Sat long long _Accum:t(0,44)=r(0,1);8;0;",128,0,0,0
  56               		.stabs	"_Sat unsigned short _Accum:t(0,45)=r(0,1);2;0;",128,0,0,0
  57               		.stabs	"_Sat unsigned _Accum:t(0,46)=r(0,1);4;0;",128,0,0,0
  58               		.stabs	"_Sat unsigned long _Accum:t(0,47)=r(0,1);8;0;",128,0,0,0
  59               		.stabs	"_Sat unsigned long long _Accum:t(0,48)=r(0,1);8;0;",128,0,0,0
  60               		.stabs	"void:t(0,49)=(0,49)",128,0,0,0
  61               		.stabs	"source/drivers/motor_driver.h",130,0,0,0
  62               		.stabs	"/home/manu/github/arduino/LIDARBOT/libraries/avr/io.h",130,0,0,0
  63               		.stabs	"/home/manu/github/arduino/LIDARBOT/libraries/avr/sfr_defs.h",130,0,0,0
  64               		.stabs	"/home/manu/github/arduino/LIDARBOT/libraries/inttypes.h",130,0,0,0
  65               		.stabs	"/home/manu/github/arduino/LIDARBOT/libraries/stdint.h",130,0,0,0
  66               		.stabs	"int8_t:t(5,1)=(0,12)",128,0,125,0
  67               		.stabs	"uint8_t:t(5,2)=(0,13)",128,0,126,0
  68               		.stabs	"int16_t:t(5,3)=(0,1)",128,0,127,0
  69               		.stabs	"uint16_t:t(5,4)=(0,4)",128,0,128,0
  70               		.stabs	"int32_t:t(5,5)=(0,3)",128,0,129,0
  71               		.stabs	"uint32_t:t(5,6)=(0,5)",128,0,130,0
  72               		.stabs	"int64_t:t(5,7)=(0,8)",128,0,132,0
  73               		.stabs	"uint64_t:t(5,8)=(0,9)",128,0,133,0
  74               		.stabs	"intptr_t:t(5,9)=(5,3)",128,0,146,0
  75               		.stabs	"uintptr_t:t(5,10)=(5,4)",128,0,151,0
  76               		.stabs	"int_least8_t:t(5,11)=(5,1)",128,0,163,0
  77               		.stabs	"uint_least8_t:t(5,12)=(5,2)",128,0,168,0
  78               		.stabs	"int_least16_t:t(5,13)=(5,3)",128,0,173,0
  79               		.stabs	"uint_least16_t:t(5,14)=(5,4)",128,0,178,0
  80               		.stabs	"int_least32_t:t(5,15)=(5,5)",128,0,183,0
  81               		.stabs	"uint_least32_t:t(5,16)=(5,6)",128,0,188,0
  82               		.stabs	"int_least64_t:t(5,17)=(5,7)",128,0,196,0
  83               		.stabs	"uint_least64_t:t(5,18)=(5,8)",128,0,203,0
  84               		.stabs	"int_fast8_t:t(5,19)=(5,1)",128,0,217,0
  85               		.stabs	"uint_fast8_t:t(5,20)=(5,2)",128,0,222,0
  86               		.stabs	"int_fast16_t:t(5,21)=(5,3)",128,0,227,0
  87               		.stabs	"uint_fast16_t:t(5,22)=(5,4)",128,0,232,0
  88               		.stabs	"int_fast32_t:t(5,23)=(5,5)",128,0,237,0
  89               		.stabs	"uint_fast32_t:t(5,24)=(5,6)",128,0,242,0
  90               		.stabs	"int_fast64_t:t(5,25)=(5,7)",128,0,250,0
  91               		.stabs	"uint_fast64_t:t(5,26)=(5,8)",128,0,257,0
  92               		.stabs	"intmax_t:t(5,27)=(5,7)",128,0,277,0
  93               		.stabs	"uintmax_t:t(5,28)=(5,8)",128,0,282,0
  94               		.stabn	162,0,0,0
  95               		.stabs	"int_farptr_t:t(4,1)=(5,5)",128,0,77,0
  96               		.stabs	"uint_farptr_t:t(4,2)=(5,6)",128,0,81,0
  97               		.stabn	162,0,0,0
  98               		.stabn	162,0,0,0
  99               		.stabs	"/home/manu/github/arduino/LIDARBOT/libraries/avr/fuse.h",130,0,0,0
 100               		.stabs	"__fuse_t:t(6,1)=(6,2)=s3low:(0,13),0,8;high:(0,13),8,8;extended:(0,13),16,8;;",128,0,244,0
 101               		.stabn	162,0,0,0
 102               		.stabn	162,0,0,0
 103               		.stabs	"source/drivers/LIDAR_driver.h",130,0,0,0
 104               		.stabs	"source/drivers/../os_rios/USART.h",130,0,0,0
 105               		.stabs	"bufferStatus:T(8,1)=eBUFFER_OK:0,BUFFER_EMPTY:1,BUFFER_FULL:2,;",128,0,0,0
 106               		.stabs	"Buffer:T(8,2)=s1026data:(8,3)=ar(8,4)=r(8,4);0;0177777;;0;1023;(0,13),0,8192;readindex:(0,
 107               		.stabs	"Buffer:t(8,5)=(8,2)",128,0,34,0
 108               		.stabn	162,0,0,0
 109               		.stabs	"LIDARMODULESTRUCT:T(7,1)=s9headbyte1:(0,13),0,8;headbyte2:(0,13),8,8;distanceLow:(0,13),16
 110               		.stabs	"LIDAR:t(7,2)=(7,1)",128,0,55,0
 111               		.stabs	"OBJECTPROXIMITYSTRUCT:T(7,3)=s3proximity:(0,4),0,16;valid:(0,13),16,8;;",128,0,0,0
 112               		.stabs	"OBJECT:t(7,4)=(7,3)",128,0,64,0
 113               		.stabn	162,0,0,0
 114               		.stabn	162,0,0,0
 115               		.stabs	"stop:F(0,49)",36,0,3,stop
 116               	.global	stop
 117               		.type	stop, @function
 118               	stop:
 119               		.stabd	46,0,0
   1:source/drivers/motor_driver.c **** #include "motor_driver.h"
   2:source/drivers/motor_driver.c **** 
   3:source/drivers/motor_driver.c **** void stop(){
 120               		.stabn	68,0,3,.LM0-.LFBB1
 121               	.LM0:
 122               	.LFBB1:
 123               	/* prologue: function */
 124               	/* frame size = 0 */
 125               	/* stack size = 0 */
 126               	.L__stack_usage = 0
   4:source/drivers/motor_driver.c **** 
   5:source/drivers/motor_driver.c ****   botmoving=0;
 127               		.stabn	68,0,5,.LM1-.LFBB1
 128               	.LM1:
 129 0000 1092 0000 		sts botmoving,__zero_reg__
   6:source/drivers/motor_driver.c **** 
   7:source/drivers/motor_driver.c ****   /* STOP both motorbanks by setting in0, in1, in2 and in3 to zero. */
   8:source/drivers/motor_driver.c ****   // RIGHT BANK: STOP
   9:source/drivers/motor_driver.c ****   PORTB &= ~(1<<PORTB2);
 130               		.stabn	68,0,9,.LM2-.LFBB1
 131               	.LM2:
 132 0004 2A98      		cbi 0x5,2
  10:source/drivers/motor_driver.c ****   PORTB &= ~(1<<PORTB0);
 133               		.stabn	68,0,10,.LM3-.LFBB1
 134               	.LM3:
 135 0006 2898      		cbi 0x5,0
  11:source/drivers/motor_driver.c **** 
  12:source/drivers/motor_driver.c ****   // LEFT BANK: STOP
  13:source/drivers/motor_driver.c ****   PORTD &= ~(1<<PORTD4);
 136               		.stabn	68,0,13,.LM4-.LFBB1
 137               	.LM4:
 138 0008 5C98      		cbi 0xb,4
  14:source/drivers/motor_driver.c ****   PORTD &= ~(1<<PORTD2);
 139               		.stabn	68,0,14,.LM5-.LFBB1
 140               	.LM5:
 141 000a 5A98      		cbi 0xb,2
 142 000c 0895      		ret
 143               		.size	stop, .-stop
 144               	.Lscope1:
 145               		.stabs	"",36,0,0,.Lscope1-.LFBB1
 146               		.stabd	78,0,0
 147               	.global	__divsf3
 148               	.global	__mulsf3
 149               	.global	__fixunssfsi
 150               		.stabs	"setspeed:F(0,49)",36,0,17,setspeed
 151               		.stabs	"setspeed:P(0,14)",64,0,17,22
 152               	.global	setspeed
 153               		.type	setspeed, @function
 154               	setspeed:
 155               		.stabd	46,0,0
  15:source/drivers/motor_driver.c **** }
  16:source/drivers/motor_driver.c **** 
  17:source/drivers/motor_driver.c **** void setspeed(float setspeed){
 156               		.stabn	68,0,17,.LM6-.LFBB2
 157               	.LM6:
 158               	.LFBB2:
 159               	/* prologue: function */
 160               	/* frame size = 0 */
 161               	/* stack size = 0 */
 162               	.L__stack_usage = 0
  18:source/drivers/motor_driver.c ****   // Set speed.
  19:source/drivers/motor_driver.c ****   OCR2A = round((setspeed/100.00)*250.00);
 163               		.stabn	68,0,19,.LM7-.LFBB2
 164               	.LM7:
 165 000e 20E0      		ldi r18,0
 166 0010 30E0      		ldi r19,0
 167 0012 48EC      		ldi r20,lo8(-56)
 168 0014 52E4      		ldi r21,lo8(66)
 169 0016 0E94 0000 		call __divsf3
 170 001a 20E0      		ldi r18,0
 171 001c 30E0      		ldi r19,0
 172 001e 4AE7      		ldi r20,lo8(122)
 173 0020 53E4      		ldi r21,lo8(67)
 174 0022 0E94 0000 		call __mulsf3
 175 0026 0E94 0000 		call round
 176 002a 0E94 0000 		call __fixunssfsi
 177 002e 6093 B300 		sts 179,r22
  20:source/drivers/motor_driver.c ****   OCR2B = round((setspeed/100.00)*250.00);
 178               		.stabn	68,0,20,.LM8-.LFBB2
 179               	.LM8:
 180 0032 6093 B400 		sts 180,r22
 181 0036 0895      		ret
 182               		.size	setspeed, .-setspeed
 183               	.Lscope2:
 184               		.stabs	"",36,0,0,.Lscope2-.LFBB2
 185               		.stabd	78,0,0
 186               		.stabs	"motorinit:F(0,49)",36,0,23,motorinit
 187               	.global	motorinit
 188               		.type	motorinit, @function
 189               	motorinit:
 190               		.stabd	46,0,0
  21:source/drivers/motor_driver.c **** }
  22:source/drivers/motor_driver.c **** 
  23:source/drivers/motor_driver.c **** void motorinit(void){
 191               		.stabn	68,0,23,.LM9-.LFBB3
 192               	.LM9:
 193               	.LFBB3:
 194               	/* prologue: function */
 195               	/* frame size = 0 */
 196               	/* stack size = 0 */
 197               	.L__stack_usage = 0
  24:source/drivers/motor_driver.c ****   // Propulsion timer 1 needs to be setup
  25:source/drivers/motor_driver.c ****   propulsiontimer1setup();
 198               		.stabn	68,0,25,.LM10-.LFBB3
 199               	.LM10:
 200 0038 0E94 0000 		call propulsiontimer1setup
  26:source/drivers/motor_driver.c **** 
  27:source/drivers/motor_driver.c ****   // Configure motorpinout direction for arduino
  28:source/drivers/motor_driver.c ****   DDRB |= (1<<DDB3) | (1<<DDB2) | (1<<DDB0);
 201               		.stabn	68,0,28,.LM11-.LFBB3
 202               	.LM11:
 203 003c 84B1      		in r24,0x4
 204 003e 8D60      		ori r24,lo8(13)
 205 0040 84B9      		out 0x4,r24
  29:source/drivers/motor_driver.c ****   DDRD |= (1<<DDD4) | (1<<DDD3) | (1<<DDD2);
 206               		.stabn	68,0,29,.LM12-.LFBB3
 207               	.LM12:
 208 0042 8AB1      		in r24,0xa
 209 0044 8C61      		ori r24,lo8(28)
 210 0046 8AB9      		out 0xa,r24
  30:source/drivers/motor_driver.c **** 
  31:source/drivers/motor_driver.c ****   // FREEZE ALL MOTOR FUNCTIONS
  32:source/drivers/motor_driver.c ****   stop();
 211               		.stabn	68,0,32,.LM13-.LFBB3
 212               	.LM13:
 213 0048 0E94 0000 		call stop
  33:source/drivers/motor_driver.c **** 
  34:source/drivers/motor_driver.c ****   // Setup cpu Timer 2 on the arduino to be used for our PWM signal generation
  35:source/drivers/motor_driver.c ****   pwmtimer2setup();
 214               		.stabn	68,0,35,.LM14-.LFBB3
 215               	.LM14:
 216 004c 0C94 0000 		jmp pwmtimer2setup
 217               		.size	motorinit, .-motorinit
 218               	.Lscope3:
 219               		.stabs	"",36,0,0,.Lscope3-.LFBB3
 220               		.stabd	78,0,0
 221               		.stabs	"steer:F(0,49)",36,0,38,steer
 222               		.stabs	"direction:P(0,13)",64,0,38,24
 223               	.global	steer
 224               		.type	steer, @function
 225               	steer:
 226               		.stabd	46,0,0
  36:source/drivers/motor_driver.c **** }
  37:source/drivers/motor_driver.c **** 
  38:source/drivers/motor_driver.c **** void steer(unsigned char direction){
 227               		.stabn	68,0,38,.LM15-.LFBB4
 228               	.LM15:
 229               	.LFBB4:
 230               	/* prologue: function */
 231               	/* frame size = 0 */
 232               	/* stack size = 0 */
 233               	.L__stack_usage = 0
  39:source/drivers/motor_driver.c **** 
  40:source/drivers/motor_driver.c ****   if (direction == RIGHT) {
 234               		.stabn	68,0,40,.LM16-.LFBB4
 235               	.LM16:
 236 0050 8130      		cpi r24,lo8(1)
 237 0052 01F4      		brne .L5
  41:source/drivers/motor_driver.c ****     // LEFT BANK: Forward
  42:source/drivers/motor_driver.c ****     PORTD &= ~(1<<PORTD4);
 238               		.stabn	68,0,42,.LM17-.LFBB4
 239               	.LM17:
 240 0054 5C98      		cbi 0xb,4
  43:source/drivers/motor_driver.c ****     PORTD |=  (1<<PORTD2);
 241               		.stabn	68,0,43,.LM18-.LFBB4
 242               	.LM18:
 243 0056 5A9A      		sbi 0xb,2
  44:source/drivers/motor_driver.c **** 
  45:source/drivers/motor_driver.c ****     // RIGHT BANK: Reverse
  46:source/drivers/motor_driver.c ****     PORTB &= ~(1<<PORTB2);
 244               		.stabn	68,0,46,.LM19-.LFBB4
 245               	.LM19:
 246 0058 2A98      		cbi 0x5,2
  47:source/drivers/motor_driver.c ****     PORTB |=  (1<<PORTB0);
 247               		.stabn	68,0,47,.LM20-.LFBB4
 248               	.LM20:
 249 005a 289A      		sbi 0x5,0
 250 005c 00C0      		rjmp .L6
 251               	.L5:
  48:source/drivers/motor_driver.c **** 
  49:source/drivers/motor_driver.c ****   }
  50:source/drivers/motor_driver.c ****   else if (direction == LEFT) {
 252               		.stabn	68,0,50,.LM21-.LFBB4
 253               	.LM21:
 254 005e 8111      		cpse r24,__zero_reg__
 255 0060 00C0      		rjmp .L7
  51:source/drivers/motor_driver.c ****     // LEFT BANK: Reverse
  52:source/drivers/motor_driver.c ****     PORTD |=  (1<<PORTD4);
 256               		.stabn	68,0,52,.LM22-.LFBB4
 257               	.LM22:
 258 0062 5C9A      		sbi 0xb,4
  53:source/drivers/motor_driver.c ****     PORTD &= ~(1<<PORTD2);
 259               		.stabn	68,0,53,.LM23-.LFBB4
 260               	.LM23:
 261 0064 5A98      		cbi 0xb,2
  54:source/drivers/motor_driver.c **** 
  55:source/drivers/motor_driver.c ****     // RIGHT BANK: Forward
  56:source/drivers/motor_driver.c ****     PORTB |=  (1<<PORTB2);
 262               		.stabn	68,0,56,.LM24-.LFBB4
 263               	.LM24:
 264 0066 2A9A      		sbi 0x5,2
  57:source/drivers/motor_driver.c ****     PORTB &= ~(1<<PORTB0);
 265               		.stabn	68,0,57,.LM25-.LFBB4
 266               	.LM25:
 267 0068 2898      		cbi 0x5,0
 268 006a 00C0      		rjmp .L6
 269               	.L7:
  58:source/drivers/motor_driver.c ****   }
  59:source/drivers/motor_driver.c ****   else {
  60:source/drivers/motor_driver.c ****     // Something is not right. Stop the vehicle.
  61:source/drivers/motor_driver.c ****     stop();
 270               		.stabn	68,0,61,.LM26-.LFBB4
 271               	.LM26:
 272 006c 0E94 0000 		call stop
 273               	.L6:
  62:source/drivers/motor_driver.c ****   }
  63:source/drivers/motor_driver.c ****   setspeed(SLOW);
 274               		.stabn	68,0,63,.LM27-.LFBB4
 275               	.LM27:
 276 0070 60E0      		ldi r22,0
 277 0072 70E0      		ldi r23,0
 278 0074 80EF      		ldi r24,lo8(-16)
 279 0076 91E4      		ldi r25,lo8(65)
 280 0078 0C94 0000 		jmp setspeed
 281               		.size	steer, .-steer
 282               	.Lscope4:
 283               		.stabs	"",36,0,0,.Lscope4-.LFBB4
 284               		.stabd	78,0,0
 285               		.stabs	"drive:F(0,49)",36,0,66,drive
 286               		.stabs	"direction:P(0,13)",64,0,66,24
 287               		.stabs	"speed:P(0,15)",64,0,66,12
 288               	.global	drive
 289               		.type	drive, @function
 290               	drive:
 291               		.stabd	46,0,0
  64:source/drivers/motor_driver.c **** }
  65:source/drivers/motor_driver.c **** 
  66:source/drivers/motor_driver.c **** void drive(unsigned char direction, double speed) {
 292               		.stabn	68,0,66,.LM28-.LFBB5
 293               	.LM28:
 294               	.LFBB5:
 295 007c CF92      		push r12
 296 007e DF92      		push r13
 297 0080 EF92      		push r14
 298 0082 FF92      		push r15
 299               	/* prologue: function */
 300               	/* frame size = 0 */
 301               	/* stack size = 4 */
 302               	.L__stack_usage = 4
 303 0084 6A01      		movw r12,r20
 304 0086 7B01      		movw r14,r22
  67:source/drivers/motor_driver.c **** 
  68:source/drivers/motor_driver.c ****   if(direction == FORWARD){
 305               		.stabn	68,0,68,.LM29-.LFBB5
 306               	.LM29:
 307 0088 8230      		cpi r24,lo8(2)
 308 008a 01F4      		brne .L10
  69:source/drivers/motor_driver.c ****     /* Set the wheels to spin forward */
  70:source/drivers/motor_driver.c ****     // RIGHT BANK: Forward
  71:source/drivers/motor_driver.c ****     PORTB |=  (1<<PORTB2);
 309               		.stabn	68,0,71,.LM30-.LFBB5
 310               	.LM30:
 311 008c 2A9A      		sbi 0x5,2
  72:source/drivers/motor_driver.c ****     PORTB &= ~(1<<PORTB0);
 312               		.stabn	68,0,72,.LM31-.LFBB5
 313               	.LM31:
 314 008e 2898      		cbi 0x5,0
  73:source/drivers/motor_driver.c **** 
  74:source/drivers/motor_driver.c ****     // LEFT BANK: Forward
  75:source/drivers/motor_driver.c ****     PORTD &= ~(1<<PORTD4);
 315               		.stabn	68,0,75,.LM32-.LFBB5
 316               	.LM32:
 317 0090 5C98      		cbi 0xb,4
  76:source/drivers/motor_driver.c ****     PORTD |=  (1<<PORTD2);
 318               		.stabn	68,0,76,.LM33-.LFBB5
 319               	.LM33:
 320 0092 5A9A      		sbi 0xb,2
 321 0094 00C0      		rjmp .L11
 322               	.L10:
  77:source/drivers/motor_driver.c ****   }
  78:source/drivers/motor_driver.c ****   else if (direction == REVERSE) {
 323               		.stabn	68,0,78,.LM34-.LFBB5
 324               	.LM34:
 325 0096 8330      		cpi r24,lo8(3)
 326 0098 01F4      		brne .L12
  79:source/drivers/motor_driver.c ****     /* Set the wheels to spin reverse */
  80:source/drivers/motor_driver.c ****     // RIGHT BANK: Reverse
  81:source/drivers/motor_driver.c ****     PORTB &= ~(1<<PORTB2);
 327               		.stabn	68,0,81,.LM35-.LFBB5
 328               	.LM35:
 329 009a 2A98      		cbi 0x5,2
  82:source/drivers/motor_driver.c ****     PORTB |=  (1<<PORTB0);
 330               		.stabn	68,0,82,.LM36-.LFBB5
 331               	.LM36:
 332 009c 289A      		sbi 0x5,0
  83:source/drivers/motor_driver.c **** 
  84:source/drivers/motor_driver.c ****     // LEFT BANK: Reverse
  85:source/drivers/motor_driver.c ****     PORTD |=  (1<<PORTD4);
 333               		.stabn	68,0,85,.LM37-.LFBB5
 334               	.LM37:
 335 009e 5C9A      		sbi 0xb,4
  86:source/drivers/motor_driver.c ****     PORTD &= ~(1<<PORTD2);
 336               		.stabn	68,0,86,.LM38-.LFBB5
 337               	.LM38:
 338 00a0 5A98      		cbi 0xb,2
 339 00a2 00C0      		rjmp .L11
 340               	.L12:
  87:source/drivers/motor_driver.c ****   }
  88:source/drivers/motor_driver.c ****   else {
  89:source/drivers/motor_driver.c ****     // Something is not right. Stop the vehicle.
  90:source/drivers/motor_driver.c ****     stop();
 341               		.stabn	68,0,90,.LM39-.LFBB5
 342               	.LM39:
 343 00a4 0E94 0000 		call stop
 344               	.L11:
  91:source/drivers/motor_driver.c ****   }
  92:source/drivers/motor_driver.c ****   setspeed(speed);
 345               		.stabn	68,0,92,.LM40-.LFBB5
 346               	.LM40:
 347 00a8 C701      		movw r24,r14
 348 00aa B601      		movw r22,r12
 349 00ac 0E94 0000 		call setspeed
  93:source/drivers/motor_driver.c **** 
  94:source/drivers/motor_driver.c ****   botmoving = 1;
 350               		.stabn	68,0,94,.LM41-.LFBB5
 351               	.LM41:
 352 00b0 81E0      		ldi r24,lo8(1)
 353 00b2 8093 0000 		sts botmoving,r24
 354               	/* epilogue start */
  95:source/drivers/motor_driver.c **** }
 355               		.stabn	68,0,95,.LM42-.LFBB5
 356               	.LM42:
 357 00b6 FF90      		pop r15
 358 00b8 EF90      		pop r14
 359 00ba DF90      		pop r13
 360 00bc CF90      		pop r12
 361 00be 0895      		ret
 362               		.size	drive, .-drive
 363               	.Lscope5:
 364               		.stabs	"",36,0,0,.Lscope5-.LFBB5
 365               		.stabd	78,0,0
 366               		.comm	botmoving,1,1
 367               		.comm	reading_under_progress,1,1
 368               		.comm	obstacle,3,1
 369               		.comm	tfmini,9,1
 370               		.comm	buffercount,2,1
 371               		.comm	USART_is_receiving,1,1
 372               		.comm	rxBuffer,1026,1
 373               		.stabs	"rxBuffer:G(0,50)=B(8,5)",32,0,37,0
 374               		.stabs	"USART_is_receiving:G(0,51)=B(0,13)",32,0,38,0
 375               		.stabs	"buffercount:G(0,52)=B(0,4)",32,0,39,0
 376               		.stabs	"tfmini:G(0,53)=B(7,2)",32,0,58,0
 377               		.stabs	"obstacle:G(0,54)=B(7,4)",32,0,66,0
 378               		.stabs	"reading_under_progress:G(0,13)",32,0,67,0
 379               		.stabs	"botmoving:G(0,13)",32,0,27,0
 380               		.stabs	"",100,0,0,.Letext0
 381               	.Letext0:
 382               		.ident	"GCC: (GNU) 5.4.0"
 383               	.global __do_clear_bss
DEFINED SYMBOLS
                            *ABS*:0000000000000000 motor_driver.c
     /tmp/ccZAy4RY.s:2      *ABS*:000000000000003e __SP_H__
     /tmp/ccZAy4RY.s:3      *ABS*:000000000000003d __SP_L__
     /tmp/ccZAy4RY.s:4      *ABS*:000000000000003f __SREG__
     /tmp/ccZAy4RY.s:5      *ABS*:0000000000000000 __tmp_reg__
     /tmp/ccZAy4RY.s:6      *ABS*:0000000000000001 __zero_reg__
     /tmp/ccZAy4RY.s:118    .text:0000000000000000 stop
                            *COM*:0000000000000001 botmoving
     /tmp/ccZAy4RY.s:154    .text:000000000000000e setspeed
     /tmp/ccZAy4RY.s:189    .text:0000000000000038 motorinit
     /tmp/ccZAy4RY.s:225    .text:0000000000000050 steer
     /tmp/ccZAy4RY.s:290    .text:000000000000007c drive
                            *COM*:0000000000000001 reading_under_progress
                            *COM*:0000000000000003 obstacle
                            *COM*:0000000000000009 tfmini
                            *COM*:0000000000000002 buffercount
                            *COM*:0000000000000001 USART_is_receiving
                            *COM*:0000000000000402 rxBuffer

UNDEFINED SYMBOLS
__divsf3
__mulsf3
__fixunssfsi
round
propulsiontimer1setup
pwmtimer2setup
__do_clear_bss
